
> rapid-prominence@0.1.0 build
> next build

Γû▓ Next.js 16.1.6 (Turbopack)

  Creating an optimized production build ...
node.exe : 
En línea: 1 Carácter: 1
+ & "C:\Program 
Files\nodejs/node.exe" 
"C:\Program 
Files\nodejs/node_mo ...
+ ~~~~~~~~~~~~~~~~~~~~~~~~~~~~~~
~~~~~~~~~~~~~~~~~~~~~~~~~~~~~~~~
~~~~~~~
    + CategoryInfo          : N 
   otSpecified: (:String) [],   
  RemoteException
    + FullyQualifiedErrorId : N 
   ativeCommandError
 
> Build error occurred
Error: Turbopack build failed 
with 1 errors:
./src/app/admin/users/page.tsx:4
:1
Module not found: Can't resolve 
'../page.module.css'
[0m [90m 2 |[39m
 [90m 3 |[39m 
[36mimport[39m 
[33mReact[39m[33m,[39m { 
useState } [36mfrom[39m 
[32m'react'[39m[33m;[39m
[31m[1m>[22m[39m[90m 4 
|[39m [36mimport[39m styles 
[36mfrom[39m [32m'../page.mod
ule.css'[39m[33m;[39m
 [90m   |[39m [31m[1m^[22m
[39m[31m[1m^[22m[39m[31m[1
m^[22m[39m[31m[1m^[22m[39m
[31m[1m^[22m[39m[31m[1m^[
22m[39m[31m[1m^[22m[39m[31
m[1m^[22m[39m[31m[1m^[22m
[39m[31m[1m^[22m[39m[31m[1
m^[22m[39m[31m[1m^[22m[39m
[31m[1m^[22m[39m[31m[1m^[
22m[39m[31m[1m^[22m[39m[31
m[1m^[22m[39m[31m[1m^[22m
[39m[31m[1m^[22m[39m[31m[1
m^[22m[39m[31m[1m^[22m[39m
[31m[1m^[22m[39m[31m[1m^[
22m[39m[31m[1m^[22m[39m[31
m[1m^[22m[39m[31m[1m^[22m
[39m[31m[1m^[22m[39m[31m[1
m^[22m[39m[31m[1m^[22m[39m
[31m[1m^[22m[39m[31m[1m^[
22m[39m[31m[1m^[22m[39m[31
m[1m^[22m[39m[31m[1m^[22m
[39m[31m[1m^[22m[39m[31m[1
m^[22m[39m[31m[1m^[22m[39m
[31m[1m^[22m[39m[31m[1m^[
22m[39m[31m[1m^[22m[39m[31
m[1m^[22m[39m
 [90m 5 |[39m
 [90m 6 |[39m 
[36minterface[39m 
[33mUser[39m {
 [90m 7 |[39m     
id[33m:[39m 
string[33m;[39m[0m



Import traces:
  Client Component Browser:
    
./src/app/admin/users/page.tsx 
[Client Component Browser]
    
./src/app/admin/users/page.tsx 
[Server Component]

  Client Component SSR:
    
./src/app/admin/users/page.tsx 
[Client Component SSR]
    
./src/app/admin/users/page.tsx 
[Server Component]

https://nextjs.org/docs/messages
/module-not-found


    at <unknown> (./src/app/admi
n/users/page.tsx:4:1)
    at <unknown> (https://nextjs
.org/docs/messages/module-not-fo
und)
